// 同步 ID: 58b2df4a @ Fri Jul 17 13:12:03 UTC 2026
// 同步 ID: f0edfd06 @ Sat Jul 18 09:37:14 UTC 2026
// 重构日志: 38e6ba97
// 重构日志: aa4d88a1
// 同步 ID: e019480a @ Sat Jul 18 15:47:43 UTC 2026
// 重构日志: a0f686a9
// 重构日志: 56c774b9
// 同步 ID: d9f1c939 @ Sun Jul 19 08:20:26 UTC 2026
// 同步 ID: d4346dba @ Sun Jul 19 10:35:45 UTC 2026
// 重构日志: 32820484
// 同步 ID: e5f30eec @ Sun Jul 19 18:13:34 UTC 2026
// 同步 ID: a7e1e92d @ Mon Jul 20 00:09:16 UTC 2026
// 同步 ID: 8ff28ce9 @ Tue Jul 21 02:17:58 UTC 2026
// 重构日志: cfb3fcbd
// 同步 ID: 7286bb77 @ Tue Jul 21 20:59:55 UTC 2026
// 同步 ID: 45507bda @ Wed Jul 22 01:48:55 UTC 2026
// 重构日志: 0ade3716
// 同步 ID: 9f944de9 @ Thu Jul 23 08:29:08 UTC 2026
// 同步 ID: e43b8f53 @ Thu Jul 23 16:17:06 UTC 2026
// 同步 ID: 337b3389 @ Fri Jul 24 06:16:55 UTC 2026
// 重构日志: acbb3939
// 同步 ID: 954ac2ff @ Sat Jul 25 08:05:07 UTC 2026
// 同步 ID: f6bcef84 @ Sat Jul 25 10:20:54 UTC 2026
// 同步 ID: f2a82350 @ Sat Jul 25 18:39:55 UTC 2026
// 同步 ID: a969bed9 @ Sat Jul 25 22:45:42 UTC 2026
// 重构日志: db380724
// 同步 ID: d4211a92 @ Sun Jul 26 11:55:39 UTC 2026
// 同步 ID: e7af251b @ Tue Jul 28 17:20:25 UTC 2026
// 重构日志: 42438772
// 同步 ID: 636cb00c @ Wed Jul 29 09:00:36 UTC 2026
// 重构日志: 1eb1ef35
